> Task :app:preBuild UP-TO-DATE
> Task :app:preDebugBuild UP-TO-DATE
> Task :app:mergeDebugNativeDebugMetadata NO-SOURCE
> Task :app:generateDebugResources UP-TO-DATE
> Task :app:packageDebugResources UP-TO-DATE
> Task :app:processDebugNavigationResources UP-TO-DATE
> Task :app:parseDebugLocalResources UP-TO-DATE
> Task :app:generateDebugRFile UP-TO-DATE
> Task :app:compileDebugKotlin NO-SOURCE
> Task :app:javaPreCompileDebug UP-TO-DATE

> Task :app:compileDebugJavaWithJavac FAILED
.\gradlew.bat : D:\Hoc_ky_6\Lap_trinh_di_d
ong_nang_cao\MyTaskList\app\src\main\java\
hcmute\edu\vn\mytasklist\MainActivity.java
:1056: error: package AppDatabase does 
not exist
At line:1 char:1
+ .\gradlew.bat assembleDebug > 
build_output.txt 2>&1
+ ~~~~~~~~~~~~~~~~~~~~~~~~~~~~~~~~~~~~~~~~
~~~~~~~~~~~
    + CategoryInfo          : NotSpecifie 
   d: (D:\Hoc_ky_6\Lap... does not exist  
  :String) [], RemoteException
    + FullyQualifiedErrorId : NativeComma 
   ndError
 
        AppDatabase.databaseWriteExecutor.
execute(() -> {
                   ^
Note: Some input files use or override a 
deprecated API.
Note: Recompile with -Xlint:deprecation 
for details.
1 error

[Incubating] Problems report is available at: file:///D:/Hoc_ky_6/Lap_trinh_di_dong_nang_cao/MyTaskList/build/reports/problems/problems-report.html

FAILURE: Build failed with an exception.

* What went wrong:
Execution failed for task 
':app:compileDebugJavaWithJavac'.
> Compilation failed; see the compiler 
output below.
  Note: Recompile with -Xlint:deprecation 
for details.
  Note: Some input files use or override 
a deprecated API.
  D:\Hoc_ky_6\Lap_trinh_di_dong_nang_cao\M
yTaskList\app\src\main\java\hcmute\edu\vn\
mytasklist\MainActivity.java:1056: error: 
package AppDatabase does not exist
          AppDatabase.databaseWriteExecuto
r.execute(() -> {
                     ^
  1 error

* Try:
> Check your code and dependencies to fix 
the compilation error(s)
> Run with --scan to generate a Build 
Scan (Powered by Develocity).

BUILD FAILED in 1s
7 actionable tasks: 1 executed, 6 up-to-date
